
> frontend@0.0.0 lint
> eslint .


C:\Users\HP\OneDrive\Desktop\smart-event\Smart-event-management\frontend\src\components\ErrorBoundary.jsx
  9:37  error  'error' is defined but never used  no-unused-vars

C:\Users\HP\OneDrive\Desktop\smart-event\Smart-event-management\frontend\src\pages\ARNavigation.jsx
  105:9   error  Error: Calling setState synchronously within an effect can trigger cascading renders

Effects are intended to synchronize state between React and external systems such as manually updating the DOM, state management libraries, or other platform APIs. In general, the body of an effect should do one or both of the following:
* Update external systems with the latest state from React.
* Subscribe for updates from some external system, calling setState in a callback function when external state changes.

Calling setState synchronously within an effect body causes cascading renders that can hurt performance, and is not recommended. (https://react.dev/learn/you-might-not-need-an-effect).

  103 |
  104 |     useEffect(() => {
> 105 |         setGlitch(true);
      |         ^^^^^^^^^ Avoid calling setState() directly within an effect
  106 |         const timer = setTimeout(() => setGlitch(false), 500);
  107 |         return () => clearTimeout(timer);
  108 |     }, [currentStep]);  react-hooks/set-state-in-effect
  210:12  error  'loading' is assigned a value but never used. Allowed unused vars must match /^[A-Z_]/u                                                                                                                                                                                                                                                                                                                                                                                                                                                                                                                                                                                                                                                                                                                                                                                                                                                                                                                                         no-unused-vars
  217:23  error  'userInfo' is assigned a value but never used. Allowed unused vars must match /^[A-Z_]/u                                                                                                                                                                                                                                                                                                                                                                                                                                                                                                                                                                                                                                                                                                                                                                                                                                                                                                                                        no-unused-vars
  228:14  error  Error: Calling setState synchronously within an effect can trigger cascading renders

Effects are intended to synchronize state between React and external systems such as manually updating the DOM, state management libraries, or other platform APIs. In general, the body of an effect should do one or both of the following:
* Update external systems with the latest state from React.
* Subscribe for updates from some external system, calling setState in a callback function when external state changes.

Calling setState synchronously within an effect body causes cascading renders that can hurt performance, and is not recommended. (https://react.dev/learn/you-might-not-need-an-effect).

  226 |         };
  227 |         if (eventId) fetchEvent();
> 228 |         else setLoading(false);
      |              ^^^^^^^^^^ Avoid calling setState() directly within an effect
  229 |     }, [eventId]);
  230 |
  231 |     const defaultSteps = [                                               react-hooks/set-state-in-effect

C:\Users\HP\OneDrive\Desktop\smart-event\Smart-event-management\frontend\src\pages\Participants.jsx
  35:15  error  'userInfo' is assigned a value but never used. Allowed unused vars must match /^[A-Z_]/u  no-unused-vars

C:\Users\HP\OneDrive\Desktop\smart-event\Smart-event-management\frontend\src\pages\Services.jsx
  6:12  error  'event' is assigned a value but never used. Allowed unused vars must match /^[A-Z_]/u  no-unused-vars

C:\Users\HP\OneDrive\Desktop\smart-event\Smart-event-management\frontend\src\utils\planningEngine.js
  8:11  error  'timeline' is assigned a value but never used. Allowed unused vars must match /^[A-Z_]/u  no-unused-vars

??? 8 problems (8 errors, 0 warnings)

